This is pdfTeX, Version 3.141592653-2.6-1.40.22 (TeX Live 2021 Gentoo Linux) (preloaded format=pdflatex 2023.8.23)  15 AUG 2026 22:47
entering extended mode
 restricted \write18 enabled.
 %&-line parsing enabled.
**main.tex
(./main.tex
LaTeX2e <2020-10-01> patch level 4
L3 programming layer <2021-02-18>
(/home/zhouzb79/texmf/tex/latex/revtex/revtex4-2.cls
Document Class: revtex4-2 2022/06/05 4.2f (https://journals.aps.org/revtex/ for
 documentation)
 Copyright (c) 2019 American Physical Society.
 mailto:revtex@aps.org
 Licensed under the LPPL:
http://www.ctan.org/tex-archive/macros/latex/base/lppl.txt
 Arthur Ogawa <arthur_ogawa at sbcglobal dot net>
 Based on work by David Carlisle <david at dcarlisle.demon.co.uk>
 Version (4.2d--4.2f): Modified by Mark Doyle and Phelype Oleinik
 .
ltxutil[2022/06/05 4.2f utilities package (portions licensed from W. E. Baxter 
web at superscript.com)]
LaTeX Info: Redefining \@centercr on input line 356.
Class revtex4-2 Info: Repairing broken LaTeX eqnarray on input line 417.
\eqncolsep=\skip47
Class revtex4-2 Info: Repairing hyperref-unfriendly LaTeX definition of \mpfoot
note on input line 492.
Class revtex4-2 Info: Repairing broken LateX \@sect on input line 814.
\intertabularlinepenalty=\count179
\@tbpen=\count180
\@arstrutbox@hline=\box47
Class revtex4-2 Info: Repairing broken LaTeX \@xbitor on input line 1845.
Class revtex4-2 Info: Making \typeout \long on input line 2110.
ltxfront[2022/06/05 4.2f frontmatter package (AO,DPC,MD)]
\c@affil=\count181
\c@collab=\count182
\absbox=\box48
ltxgrid[2022/06/05 4.2f page grid package (portions licensed from W. E. Baxter 
web at superscript.com)]
\c@linecount=\count183
\output@latex=\toks15
\box@size@1=\box49
\box@size@2=\box50
\@protection@box=\box51
\@topmark@saved=\toks16
\footins@saved=\box52
\footins@recovered=\box53
\column@recovered=\box54
\pagesofar=\box55
\footsofar=\box56
\pagegrid@col=\count184
Class revtex4-2 Info: Overriding \@vspace, \@vspacer, \@no@pgbk, \@newline, and
 \\  on input line 5676.
\c@part=\count185
\c@section=\count186
\c@subsection=\count187
\c@subsubsection=\count188
\c@paragraph=\count189
\c@subparagraph=\count190
\abovecaptionskip=\skip48
\belowcaptionskip=\skip49
\c@figure=\count191
\fbox@1=\box57
\c@table=\count192
\fbox@2=\box58
\c@video=\count193
\fbox@4=\box59
\@bibdataout=\write3
\widetext@top=\box60
\widetext@bot=\box61
Class revtex4-2 Info: Selecting society aps on input line 7669.
(/home/zhouzb79/texmf/tex/latex/revtex/aps4-2.rtx
File: aps4-2 2022/06/05 4.2f (https://journals.aps.org/revtex/ for documentatio
n)
Class revtex4-2 Info: RevTeX society APS selected on input line 40.
)
Class revtex4-2 Info: Selecting journal prb on input line 7671.
Class revtex4-2 Info: APS journal PRB selected on input line 7672.


Class revtex4-2 Warning: No type size specified, using default 10.

(/home/zhouzb79/texmf/tex/latex/revtex/aps10pt4-2.rtx
File: aps10pt4-2 2022/06/05 4.2f (https://journals.aps.org/revtex/ for document
ation)
Class revtex4-2 Info: RevTeX pointsize 10pt selected on input line 39.
)
(/cvmfs/soft.computecanada.ca/gentoo/2023/x86-64-v3/usr/share/texmf-dist/tex/la
tex/textcase/textcase.sty
Package: textcase 2019/09/14 v1.00 Text only upper/lower case changing (DPC)
)
(/cvmfs/soft.computecanada.ca/gentoo/2023/x86-64-v3/usr/share/texmf-dist/tex/la
tex/amsfonts/amssymb.sty
Package: amssymb 2013/01/14 v3.01 AMS font symbols

(/cvmfs/soft.computecanada.ca/gentoo/2023/x86-64-v3/usr/share/texmf-dist/tex/la
tex/amsfonts/amsfonts.sty
Package: amsfonts 2013/01/14 v3.01 Basic AMSFonts support
\@emptytoks=\toks17
\symAMSa=\mathgroup4
\symAMSb=\mathgroup5
LaTeX Font Info:    Redeclaring math symbol \hbar on input line 98.
LaTeX Font Info:    Overwriting math alphabet `\mathfrak' in version `bold'
(Font)                  U/euf/m/n --> U/euf/b/n on input line 106.
))
(/cvmfs/soft.computecanada.ca/gentoo/2023/x86-64-v3/usr/share/texmf-dist/tex/la
tex/amsmath/amsmath.sty
Package: amsmath 2020/09/23 v2.17i AMS math features
\@mathmargin=\skip50

For additional information on amsmath, use the `?' option.

(/cvmfs/soft.computecanada.ca/gentoo/2023/x86-64-v3/usr/share/texmf-dist/tex/la
tex/amsmath/amstext.sty
Package: amstext 2000/06/29 v2.01 AMS text

(/cvmfs/soft.computecanada.ca/gentoo/2023/x86-64-v3/usr/share/texmf-dist/tex/la
tex/amsmath/amsgen.sty
File: amsgen.sty 1999/11/30 v2.0 generic functions
\@emptytoks=\toks18
\ex@=\dimen138
)
LaTeX Info: Redefining \text on input line 28.
)
(/cvmfs/soft.computecanada.ca/gentoo/2023/x86-64-v3/usr/share/texmf-dist/tex/la
tex/amsmath/amsbsy.sty
Package: amsbsy 1999/11/29 v1.2d Bold Symbols
\pmbraise@=\dimen139
)
(/cvmfs/soft.computecanada.ca/gentoo/2023/x86-64-v3/usr/share/texmf-dist/tex/la
tex/amsmath/amsopn.sty
Package: amsopn 2016/03/08 v2.02 operator names
)
\inf@bad=\count194
LaTeX Info: Redefining \frac on input line 234.
\uproot@=\count195
\leftroot@=\count196
LaTeX Info: Redefining \overline on input line 399.
\classnum@=\count197
\DOTSCASE@=\count198
LaTeX Info: Redefining \ldots on input line 496.
LaTeX Info: Redefining \dots on input line 499.
LaTeX Info: Redefining \cdots on input line 620.
\Mathstrutbox@=\box62
\strutbox@=\box63
\big@size=\dimen140
LaTeX Font Info:    Redeclaring font encoding OML on input line 743.
LaTeX Font Info:    Redeclaring font encoding OMS on input line 744.
\macc@depth=\count199
\c@MaxMatrixCols=\count266
\dotsspace@=\muskip16
\c@parentequation=\count267
\dspbrk@lvl=\count268
\tag@help=\toks19
\row@=\count269
\column@=\count270
\maxfields@=\count271
\andhelp@=\toks20
\eqnshift@=\dimen141
\alignsep@=\dimen142
\tagshift@=\dimen143
\tagwidth@=\dimen144
\totwidth@=\dimen145
\lineht@=\dimen146
\@envbody=\toks21
\multlinegap=\skip51
\multlinetaggap=\skip52
\mathdisplay@stack=\toks22
LaTeX Info: Redefining \[ on input line 2923.
LaTeX Info: Redefining \] on input line 2924.
)
(/cvmfs/soft.computecanada.ca/gentoo/2023/x86-64-v3/usr/share/texmf-dist/tex/la
tex/url/url.sty
\Urlmuskip=\muskip17
Package: url 2013/09/16  ver 3.4  Verb mode for urls, etc.
)
(/cvmfs/soft.computecanada.ca/gentoo/2023/x86-64-v3/usr/share/texmf-dist/tex/la
tex/natbib/natbib.sty
Package: natbib 2010/09/13 8.31b (PWD, AO)
\bibhang=\skip53
\bibsep=\skip54
LaTeX Info: Redefining \cite on input line 694.
\c@NAT@ctr=\count272
)
Class revtex4-2 Info: Repairing natbib's \BibitemShut on input line 7676.
 (/home/zhouzb79/texmf/tex/latex/revtex/revsymb4-2.sty
Package: revsymb4-2 2022/06/05 4.2f (https://journals.aps.org/revtex/ for docum
entation)
LaTeX Info: Redefining \frak on input line 104.
LaTeX Info: Redefining \Bbb on input line 120.
LaTeX Info: Redefining \REV@mathfrak on input line 128.
))
(/cvmfs/soft.computecanada.ca/gentoo/2023/x86-64-v3/usr/share/texmf-dist/tex/la
tex/tools/bm.sty
Package: bm 2019/07/24 v1.2d Bold Symbol Support (DPC/FMi)
\symboldoperators=\mathgroup6
\symboldletters=\mathgroup7
\symboldsymbols=\mathgroup8
LaTeX Font Info:    Redeclaring math alphabet \mathbf on input line 141.
LaTeX Info: Redefining \bm on input line 209.
)
(/cvmfs/soft.computecanada.ca/gentoo/2023/x86-64-v3/usr/share/texmf-dist/tex/la
tex/graphics/graphicx.sty
Package: graphicx 2020/09/09 v1.2b Enhanced LaTeX Graphics (DPC,SPQR)

(/cvmfs/soft.computecanada.ca/gentoo/2023/x86-64-v3/usr/share/texmf-dist/tex/la
tex/graphics/keyval.sty
Package: keyval 2014/10/28 v1.15 key=value parser (DPC)
\KV@toks@=\toks23
)
(/cvmfs/soft.computecanada.ca/gentoo/2023/x86-64-v3/usr/share/texmf-dist/tex/la
tex/graphics/graphics.sty
Package: graphics 2020/08/30 v1.4c Standard LaTeX Graphics (DPC,SPQR)

(/cvmfs/soft.computecanada.ca/gentoo/2023/x86-64-v3/usr/share/texmf-dist/tex/la
tex/graphics/trig.sty
Package: trig 2016/01/03 v1.10 sin cos tan (DPC)
)
(/cvmfs/soft.computecanada.ca/gentoo/2023/x86-64-v3/usr/share/texmf-dist/tex/la
tex/graphics-cfg/graphics.cfg
File: graphics.cfg 2016/06/04 v1.11 sample graphics configuration
)
Package graphics Info: Driver file: pdftex.def on input line 105.

(/cvmfs/soft.computecanada.ca/gentoo/2023/x86-64-v3/usr/share/texmf-dist/tex/la
tex/graphics-def/pdftex.def
File: pdftex.def 2020/10/05 v1.2a Graphics/color driver for pdftex
))
\Gin@req@height=\dimen147
\Gin@req@width=\dimen148
)
(/cvmfs/soft.computecanada.ca/gentoo/2023/x86-64-v3/usr/share/texmf-dist/tex/la
tex/xcolor/xcolor.sty
Package: xcolor 2016/05/11 v2.12 LaTeX color extensions (UK)

(/cvmfs/soft.computecanada.ca/gentoo/2023/x86-64-v3/usr/share/texmf-dist/tex/la
tex/graphics-cfg/color.cfg
File: color.cfg 2016/01/02 v1.6 sample color configuration
)
Package xcolor Info: Driver file: pdftex.def on input line 225.
Package xcolor Info: Model `cmy' substituted by `cmy0' on input line 1348.
Package xcolor Info: Model `hsb' substituted by `rgb' on input line 1352.
Package xcolor Info: Model `RGB' extended on input line 1364.
Package xcolor Info: Model `HTML' substituted by `rgb' on input line 1366.
Package xcolor Info: Model `Hsb' substituted by `hsb' on input line 1367.
Package xcolor Info: Model `tHsb' substituted by `hsb' on input line 1368.
Package xcolor Info: Model `HSB' substituted by `hsb' on input line 1369.
Package xcolor Info: Model `Gray' substituted by `gray' on input line 1370.
Package xcolor Info: Model `wave' substituted by `hsb' on input line 1371.
)
(/cvmfs/soft.computecanada.ca/gentoo/2023/x86-64-v3/usr/share/texmf-dist/tex/la
tex/hyperref/hyperref.sty
Package: hyperref 2021-02-27 v7.00k Hypertext links for LaTeX

(/cvmfs/soft.computecanada.ca/gentoo/2023/x86-64-v3/usr/share/texmf-dist/tex/ge
neric/ltxcmds/ltxcmds.sty
Package: ltxcmds 2020-05-10 v1.25 LaTeX kernel commands for general use (HO)
)
(/cvmfs/soft.computecanada.ca/gentoo/2023/x86-64-v3/usr/share/texmf-dist/tex/ge
neric/iftex/iftex.sty
Package: iftex 2020/03/06 v1.0d TeX engine tests
)
(/cvmfs/soft.computecanada.ca/gentoo/2023/x86-64-v3/usr/share/texmf-dist/tex/ge
neric/pdftexcmds/pdftexcmds.sty
Package: pdftexcmds 2020-06-27 v0.33 Utility functions of pdfTeX for LuaTeX (HO
)

(/cvmfs/soft.computecanada.ca/gentoo/2023/x86-64-v3/usr/share/texmf-dist/tex/ge
neric/infwarerr/infwarerr.sty
Package: infwarerr 2019/12/03 v1.5 Providing info/warning/error messages (HO)
)
Package pdftexcmds Info: \pdf@primitive is available.
Package pdftexcmds Info: \pdf@ifprimitive is available.
Package pdftexcmds Info: \pdfdraftmode found.
)
(/cvmfs/soft.computecanada.ca/gentoo/2023/x86-64-v3/usr/share/texmf-dist/tex/ge
neric/kvsetkeys/kvsetkeys.sty
Package: kvsetkeys 2019/12/15 v1.18 Key value parser (HO)
)
(/cvmfs/soft.computecanada.ca/gentoo/2023/x86-64-v3/usr/share/texmf-dist/tex/ge
neric/kvdefinekeys/kvdefinekeys.sty
Package: kvdefinekeys 2019-12-19 v1.6 Define keys (HO)
)
(/cvmfs/soft.computecanada.ca/gentoo/2023/x86-64-v3/usr/share/texmf-dist/tex/ge
neric/pdfescape/pdfescape.sty
Package: pdfescape 2019/12/09 v1.15 Implements pdfTeX's escape features (HO)
)
(/cvmfs/soft.computecanada.ca/gentoo/2023/x86-64-v3/usr/share/texmf-dist/tex/la
tex/hycolor/hycolor.sty
Package: hycolor 2020-01-27 v1.10 Color options for hyperref/bookmark (HO)
)
(/cvmfs/soft.computecanada.ca/gentoo/2023/x86-64-v3/usr/share/texmf-dist/tex/la
tex/letltxmacro/letltxmacro.sty
Package: letltxmacro 2019/12/03 v1.6 Let assignment for LaTeX macros (HO)
)
(/cvmfs/soft.computecanada.ca/gentoo/2023/x86-64-v3/usr/share/texmf-dist/tex/la
tex/auxhook/auxhook.sty
Package: auxhook 2019-12-17 v1.6 Hooks for auxiliary files (HO)
)
(/cvmfs/soft.computecanada.ca/gentoo/2023/x86-64-v3/usr/share/texmf-dist/tex/la
tex/kvoptions/kvoptions.sty
Package: kvoptions 2020-10-07 v3.14 Key value format for package options (HO)
)
\@linkdim=\dimen149
\Hy@linkcounter=\count273
\Hy@pagecounter=\count274

(/cvmfs/soft.computecanada.ca/gentoo/2023/x86-64-v3/usr/share/texmf-dist/tex/la
tex/hyperref/pd1enc.def
File: pd1enc.def 2021-02-27 v7.00k Hyperref: PDFDocEncoding definition (HO)
Now handling font encoding PD1 ...
... no UTF-8 mapping file for font encoding PD1
)
(/cvmfs/soft.computecanada.ca/gentoo/2023/x86-64-v3/usr/share/texmf-dist/tex/la
tex/hyperref/hyperref-langpatches.def
File: hyperref-langpatches.def 2021-02-27 v7.00k Hyperref: patches for babel la
nguages
)
(/cvmfs/soft.computecanada.ca/gentoo/2023/x86-64-v3/usr/share/texmf-dist/tex/ge
neric/intcalc/intcalc.sty
Package: intcalc 2019/12/15 v1.3 Expandable calculations with integers (HO)
)
(/cvmfs/soft.computecanada.ca/gentoo/2023/x86-64-v3/usr/share/texmf-dist/tex/ge
neric/etexcmds/etexcmds.sty
Package: etexcmds 2019/12/15 v1.7 Avoid name clashes with e-TeX commands (HO)
)
\Hy@SavedSpaceFactor=\count275

(/cvmfs/soft.computecanada.ca/gentoo/2023/x86-64-v3/usr/share/texmf-dist/tex/la
tex/hyperref/puenc.def
File: puenc.def 2021-02-27 v7.00k Hyperref: PDF Unicode definition (HO)
Now handling font encoding PU ...
... no UTF-8 mapping file for font encoding PU
)
Package hyperref Info: Option `colorlinks' set `true' on input line 4073.
Package hyperref Info: Hyper figures OFF on input line 4192.
Package hyperref Info: Link nesting OFF on input line 4197.
Package hyperref Info: Hyper index ON on input line 4200.
Package hyperref Info: Plain pages OFF on input line 4207.
Package hyperref Info: Backreferencing OFF on input line 4212.
Package hyperref Info: Implicit mode ON; LaTeX internals redefined.
Package hyperref Info: Bookmarks ON on input line 4445.
LaTeX Info: Redefining \href on input line 4715.
\c@Hy@tempcnt=\count276
LaTeX Info: Redefining \url on input line 4804.
\XeTeXLinkMargin=\dimen150

(/cvmfs/soft.computecanada.ca/gentoo/2023/x86-64-v3/usr/share/texmf-dist/tex/ge
neric/bitset/bitset.sty
Package: bitset 2019/12/09 v1.3 Handle bit-vector datatype (HO)

(/cvmfs/soft.computecanada.ca/gentoo/2023/x86-64-v3/usr/share/texmf-dist/tex/ge
neric/bigintcalc/bigintcalc.sty
Package: bigintcalc 2019/12/15 v1.5 Expandable calculations on big integers (HO
)
))
\Fld@menulength=\count277
\Field@Width=\dimen151
\Fld@charsize=\dimen152
Package hyperref Info: Hyper figures OFF on input line 6075.
Package hyperref Info: Link nesting OFF on input line 6080.
Package hyperref Info: Hyper index ON on input line 6083.
Package hyperref Info: backreferencing OFF on input line 6090.
Package hyperref Info: Link coloring ON on input line 6093.
Package hyperref Info: Link coloring with OCG OFF on input line 6100.
Package hyperref Info: PDF/A mode OFF on input line 6105.
LaTeX Info: Redefining \ref on input line 6145.
LaTeX Info: Redefining \pageref on input line 6149.

(/cvmfs/soft.computecanada.ca/gentoo/2023/x86-64-v3/usr/share/texmf-dist/tex/la
tex/base/atbegshi-ltx.sty
Package: atbegshi-ltx 2020/08/17 v1.0a Emulation of the original atbegshi packa
ge
with kernel methods
)
\Hy@abspage=\count278
\c@Item=\count279
\c@Hfootnote=\count280
)
Package hyperref Info: Driver (autodetected): hpdftex.

(/cvmfs/soft.computecanada.ca/gentoo/2023/x86-64-v3/usr/share/texmf-dist/tex/la
tex/hyperref/hpdftex.def
File: hpdftex.def 2021-02-27 v7.00k Hyperref driver for pdfTeX

(/cvmfs/soft.computecanada.ca/gentoo/2023/x86-64-v3/usr/share/texmf-dist/tex/la
tex/base/atveryend-ltx.sty
Package: atveryend-ltx 2020/08/19 v1.0a Emulation of the original atvery packag
e
with kernel methods
)
\Fld@listcount=\count281
\c@bookmark@seq@number=\count282

(/cvmfs/soft.computecanada.ca/gentoo/2023/x86-64-v3/usr/share/texmf-dist/tex/la
tex/rerunfilecheck/rerunfilecheck.sty
Package: rerunfilecheck 2019/12/05 v1.9 Rerun checks for auxiliary files (HO)

(/cvmfs/soft.computecanada.ca/gentoo/2023/x86-64-v3/usr/share/texmf-dist/tex/ge
neric/uniquecounter/uniquecounter.sty
Package: uniquecounter 2019/12/15 v1.4 Provide unlimited unique counter (HO)
)
Package uniquecounter Info: New unique counter `rerunfilecheck' on input line 2
86.
)
\Hy@SectionHShift=\skip55
)
Class revtex4-2 Info: Unrecognized LaTeX tabular. Please update this document c
lass! (Proceeding with fingers crossed.) on input line 24.
Class revtex4-2 Info: cite was not loaded (OK!) on input line 24.
Class revtex4-2 Info: mcite was not loaded (OK!) on input line 24.
Class revtex4-2 Info: multicol was not loaded (OK!) on input line 24.

(/cvmfs/soft.computecanada.ca/gentoo/2023/x86-64-v3/usr/share/texmf-dist/tex/la
tex/l3backend/l3backend-pdftex.def
File: l3backend-pdftex.def 2021-03-18 L3 backend support: PDF output (pdfTeX)
\l__color_backend_stack_int=\count283
\l__pdf_internal_box=\box64
) (./main.aux)
\openout1 = `main.aux'.

LaTeX Font Info:    Checking defaults for OML/cmm/m/it on input line 24.
LaTeX Font Info:    ... okay on input line 24.
LaTeX Font Info:    Checking defaults for OMS/cmsy/m/n on input line 24.
LaTeX Font Info:    ... okay on input line 24.
LaTeX Font Info:    Checking defaults for OT1/cmr/m/n on input line 24.
LaTeX Font Info:    ... okay on input line 24.
LaTeX Font Info:    Checking defaults for T1/cmr/m/n on input line 24.
LaTeX Font Info:    ... okay on input line 24.
LaTeX Font Info:    Checking defaults for TS1/cmr/m/n on input line 24.
LaTeX Font Info:    ... okay on input line 24.
LaTeX Font Info:    Checking defaults for OMX/cmex/m/n on input line 24.
LaTeX Font Info:    ... okay on input line 24.
LaTeX Font Info:    Checking defaults for U/cmr/m/n on input line 24.
LaTeX Font Info:    ... okay on input line 24.
LaTeX Font Info:    Checking defaults for PD1/pdf/m/n on input line 24.
LaTeX Font Info:    ... okay on input line 24.
LaTeX Font Info:    Checking defaults for PU/pdf/m/n on input line 24.
LaTeX Font Info:    ... okay on input line 24.

(/cvmfs/soft.computecanada.ca/gentoo/2023/x86-64-v3/usr/share/texmf-dist/tex/co
ntext/base/mkii/supp-pdf.mkii
[Loading MPS to PDF converter (version 2006.09.02).]
\scratchcounter=\count284
\scratchdimen=\dimen153
\scratchbox=\box65
\nofMPsegments=\count285
\nofMParguments=\count286
\everyMPshowfont=\toks24
\MPscratchCnt=\count287
\MPscratchDim=\dimen154
\MPnumerator=\count288
\makeMPintoPDFobject=\count289
\everyMPtoPDFconversion=\toks25
)
(/cvmfs/soft.computecanada.ca/gentoo/2023/x86-64-v3/usr/share/texmf-dist/tex/la
tex/epstopdf-pkg/epstopdf-base.sty
Package: epstopdf-base 2020-01-24 v2.11 Base part for package epstopdf
Package epstopdf-base Info: Redefining graphics rule for `.eps' on input line 4
85.

(/cvmfs/soft.computecanada.ca/gentoo/2023/x86-64-v3/usr/share/texmf-dist/tex/la
tex/latexconfig/epstopdf-sys.cfg
File: epstopdf-sys.cfg 2010/07/13 v1.3 Configuration of (r)epstopdf for TeX Liv
e
))
Package hyperref Info: Link coloring ON on input line 24.

(/cvmfs/soft.computecanada.ca/gentoo/2023/x86-64-v3/usr/share/texmf-dist/tex/la
tex/hyperref/nameref.sty
Package: nameref 2021-04-02 v2.47 Cross-referencing by name of section

(/cvmfs/soft.computecanada.ca/gentoo/2023/x86-64-v3/usr/share/texmf-dist/tex/la
tex/refcount/refcount.sty
Package: refcount 2019/12/15 v3.6 Data extraction from label references (HO)
)
(/cvmfs/soft.computecanada.ca/gentoo/2023/x86-64-v3/usr/share/texmf-dist/tex/ge
neric/gettitlestring/gettitlestring.sty
Package: gettitlestring 2019/12/15 v1.6 Cleanup title references (HO)
)
\c@section@level=\count290
)
LaTeX Info: Redefining \ref on input line 24.
LaTeX Info: Redefining \pageref on input line 24.
LaTeX Info: Redefining \nameref on input line 24.
 (./main.out) (./main.out)
\@outlinefile=\write4
\openout4 = `main.out'.

Class revtex4-2 Info: Taking \maketitle back from hyperref on input line 24.
\openout3 = `mainNotes.bib'.

LaTeX Font Info:    Trying to load font information for U+msa on input line 45.


(/cvmfs/soft.computecanada.ca/gentoo/2023/x86-64-v3/usr/share/texmf-dist/tex/la
tex/amsfonts/umsa.fd
File: umsa.fd 2013/01/14 v3.01 AMS symbols A
)
LaTeX Font Info:    Trying to load font information for U+msb on input line 45.


(/cvmfs/soft.computecanada.ca/gentoo/2023/x86-64-v3/usr/share/texmf-dist/tex/la
tex/amsfonts/umsb.fd
File: umsb.fd 2013/01/14 v3.01 AMS symbols B
) [1{/cvmfs/soft.computecanada.ca/gentoo/2023/x86-64-v3/var/lib/texmf/fonts/map
/pdftex/updmap/pdftex.map}]
<figs//fig_fcc32_thermodynamics.pdf, id=99, 443.35262pt x 222.82448pt>
File: figs//fig_fcc32_thermodynamics.pdf Graphic file (type pdf)
<use figs//fig_fcc32_thermodynamics.pdf>
Package pdftex.def Info: figs//fig_fcc32_thermodynamics.pdf  used on input line
 225.
(pdftex.def)             Requested size: 510.0pt x 256.32436pt.
 [2]
<figs//fig_fcc32_dssf.pdf, id=116, 460.44728pt x 237.857pt>
File: figs//fig_fcc32_dssf.pdf Graphic file (type pdf)
<use figs//fig_fcc32_dssf.pdf>
Package pdftex.def Info: figs//fig_fcc32_dssf.pdf  used on input line 299.
(pdftex.def)             Requested size: 510.0pt x 263.4582pt.
 (./parity_section.tex
[3 <./figs//fig_fcc32_thermodynamics.pdf>]
<figs//fig_fcc32_parity.pdf, id=208, 549.25201pt x 242.10449pt>
File: figs//fig_fcc32_parity.pdf Graphic file (type pdf)
<use figs//fig_fcc32_parity.pdf>
Package pdftex.def Info: figs//fig_fcc32_parity.pdf  used on input line 44.
(pdftex.def)             Requested size: 510.0pt x 224.8002pt.
 [4 <./figs//fig_fcc32_dssf.pdf>])
[5 <./figs//fig_fcc32_parity.pdf>]
<figs//fig_loop_ratios.pdf, id=376, 478.61382pt x 259.38683pt>
File: figs//fig_loop_ratios.pdf Graphic file (type pdf)
<use figs//fig_loop_ratios.pdf>
Package pdftex.def Info: figs//fig_loop_ratios.pdf  used on input line 392.
(pdftex.def)             Requested size: 489.60342pt x 265.35075pt.

Underfull \hbox (badness 1648) in paragraph at lines 439--449
[]\OT1/cmr/m/n/10 Neutron scat-ter-ing mea-sures two-spin cor-re-la-tions
 []

(./main.bbl
Overfull \vbox (6.99178pt too high) has occurred while \output is active []


Overfull \vbox (6.99178pt too high) has occurred while \output is active []


[6]
Underfull \hbox (badness 1077) in paragraph at lines 131--136
 []\OT1/cmr/m/n/9 G. K. Bren-nen, G. Pupillo, E. Rico, T. M. Stace,
 []


Underfull \hbox (badness 10000) in paragraph at lines 139--143
 []\OT1/cmr/m/n/9 E. Zo-har, [][]Phys. Rev. D \OT1/cmr/bx/n/9 101\OT1/cmr/m/n/9
 , 034518 (2020)[][],
 []

) [7 <./figs//fig_loop_ratios.pdf>] (./main.aux)
Package rerunfilecheck Info: File `main.out' has not changed.
(rerunfilecheck)             Checksum: 3C1B35E2EF0FBAAAFAAAA42688E679D4;2769.
 ) 
Here is how much of TeX's memory you used:
 11458 strings out of 480884
 166154 string characters out of 5900692
 510785 words of memory out of 5000000
 28488 multiletter control sequences out of 15000+600000
 416597 words of font info for 75 fonts, out of 8000000 for 9000
 36 hyphenation exceptions out of 8191
 82i,8n,88p,1636b,499s stack positions out of 5000i,500n,10000p,200000b,80000s
</cvmfs/soft.computecanada.ca/gentoo/2023/x86-64-v3/usr/share/texmf-dist/font
s/type1/public/amsfonts/cm/cmbx12.pfb></cvmfs/soft.computecanada.ca/gentoo/2023
/x86-64-v3/usr/share/texmf-dist/fonts/type1/public/amsfonts/cm/cmbx9.pfb></cvmf
s/soft.computecanada.ca/gentoo/2023/x86-64-v3/usr/share/texmf-dist/fonts/type1/
public/amsfonts/cm/cmex10.pfb></cvmfs/soft.computecanada.ca/gentoo/2023/x86-64-
v3/usr/share/texmf-dist/fonts/type1/public/amsfonts/cmextra/cmex9.pfb></cvmfs/s
oft.computecanada.ca/gentoo/2023/x86-64-v3/usr/share/texmf-dist/fonts/type1/pub
lic/amsfonts/cm/cmmi10.pfb></cvmfs/soft.computecanada.ca/gentoo/2023/x86-64-v3/
usr/share/texmf-dist/fonts/type1/public/amsfonts/cm/cmmi5.pfb></cvmfs/soft.comp
utecanada.ca/gentoo/2023/x86-64-v3/usr/share/texmf-dist/fonts/type1/public/amsf
onts/cm/cmmi6.pfb></cvmfs/soft.computecanada.ca/gentoo/2023/x86-64-v3/usr/share
/texmf-dist/fonts/type1/public/amsfonts/cm/cmmi7.pfb></cvmfs/soft.computecanada
.ca/gentoo/2023/x86-64-v3/usr/share/texmf-dist/fonts/type1/public/amsfonts/cm/c
mmi9.pfb></cvmfs/soft.computecanada.ca/gentoo/2023/x86-64-v3/usr/share/texmf-di
st/fonts/type1/public/amsfonts/cm/cmmib10.pfb></cvmfs/soft.computecanada.ca/gen
too/2023/x86-64-v3/usr/share/texmf-dist/fonts/type1/public/amsfonts/cmextra/cmm
ib7.pfb></cvmfs/soft.computecanada.ca/gentoo/2023/x86-64-v3/usr/share/texmf-dis
t/fonts/type1/public/amsfonts/cmextra/cmmib9.pfb></cvmfs/soft.computecanada.ca/
gentoo/2023/x86-64-v3/usr/share/texmf-dist/fonts/type1/public/amsfonts/cm/cmr10
.pfb></cvmfs/soft.computecanada.ca/gentoo/2023/x86-64-v3/usr/share/texmf-dist/f
onts/type1/public/amsfonts/cm/cmr6.pfb></cvmfs/soft.computecanada.ca/gentoo/202
3/x86-64-v3/usr/share/texmf-dist/fonts/type1/public/amsfonts/cm/cmr7.pfb></cvmf
s/soft.computecanada.ca/gentoo/2023/x86-64-v3/usr/share/texmf-dist/fonts/type1/
public/amsfonts/cm/cmr8.pfb></cvmfs/soft.computecanada.ca/gentoo/2023/x86-64-v3
/usr/share/texmf-dist/fonts/type1/public/amsfonts/cm/cmr9.pfb></cvmfs/soft.comp
utecanada.ca/gentoo/2023/x86-64-v3/usr/share/texmf-dist/fonts/type1/public/amsf
onts/cm/cmsy10.pfb></cvmfs/soft.computecanada.ca/gentoo/2023/x86-64-v3/usr/shar
e/texmf-dist/fonts/type1/public/amsfonts/cm/cmsy6.pfb></cvmfs/soft.computecanad
a.ca/gentoo/2023/x86-64-v3/usr/share/texmf-dist/fonts/type1/public/amsfonts/cm/
cmsy7.pfb></cvmfs/soft.computecanada.ca/gentoo/2023/x86-64-v3/usr/share/texmf-d
ist/fonts/type1/public/amsfonts/cm/cmsy9.pfb></cvmfs/soft.computecanada.ca/gent
oo/2023/x86-64-v3/usr/share/texmf-dist/fonts/type1/public/amsfonts/cm/cmti10.pf
b></cvmfs/soft.computecanada.ca/gentoo/2023/x86-64-v3/usr/share/texmf-dist/font
s/type1/public/amsfonts/cm/cmti9.pfb>
Output written on main.pdf (7 pages, 406716 bytes).
PDF statistics:
 597 PDF objects out of 1000 (max. 8388607)
 317 compressed objects within 4 object streams
 50 named destinations out of 1000 (max. 500000)
 133 words of extra memory for PDF output out of 10000 (max. 10000000)

